// Jest Snapshot v1, https://goo.gl/fbAQLP

exports[`Search component renders Search 1`] = `
.emotion-0 {
  position: relative;
  border-radius: 1rem;
  margin-bottom: 3rem;
}

.emotion-0 label {
  position: absolute;
  top: 1.75rem;
  left: 4rem;
  font-size: 1.3rem;
  color: hsla(224, 19.3%, 34.5%, 1);
  cursor: text;
  -webkit-user-select: none;
  -moz-user-select: none;
  -ms-user-select: none;
  user-select: none;
  -webkit-transition: all 0.3s cubic-bezier(0.165, 0.84, 0.44, 1);
  transition: all 0.3s cubic-bezier(0.165, 0.84, 0.44, 1);
}

.emotion-1 {
  display: inline-block;
  position: absolute;
  top: 1.8rem;
  left: 1.5rem;
  color: hsla(224, 19.3%, 34.5%, 1);
}

.emotion-2 {
  background: transparent;
  background: hsla(0, 0%, 0%, 0.1);
  z-index: 3;
  width: 100%;
  height: 5rem;
  padding: 1rem 1.3rem 0.3rem 3.9rem;
  font-size: 1.3rem;
  border-radius: 1rem;
  color: hsla(224, 12.3%, 52.2%, 1);
  border: 3px solid hsla(224, 31.9%, 18.4%, 1);
  outline: none;
}

.emotion-2:focus {
  border: 3px solid hsla(246, 88.5%, 62.4%, 1);
}

.emotion-2:focus+label {
  -webkit-transform: translateY(-1.2rem);
  -moz-transform: translateY(-1.2rem);
  -ms-transform: translateY(-1.2rem);
  transform: translateY(-1.2rem);
  font-size: 1rem;
}

.emotion-2:focus::-webkit-input-placeholder {
  opacity: 0.5;
  -webkit-transition: all 0.2s;
  transition: all 0.2s;
}

.emotion-2:focus::-moz-placeholder {
  opacity: 0.5;
  -webkit-transition: all 0.2s;
  transition: all 0.2s;
}

.emotion-2:focus:-ms-input-placeholder {
  opacity: 0.5;
  -webkit-transition: all 0.2s;
  transition: all 0.2s;
}

.emotion-2:focus::placeholder {
  opacity: 0.5;
  -webkit-transition: all 0.2s;
  transition: all 0.2s;
}

.emotion-2::-webkit-input-placeholder {
  opacity: 0;
}

.emotion-2::-moz-placeholder {
  opacity: 0;
}

.emotion-2:-ms-input-placeholder {
  opacity: 0;
}

.emotion-2::placeholder {
  opacity: 0;
}

.emotion-2:not(:placeholder-shown)+label {
  -webkit-transform: translateY(-1.2rem);
  -moz-transform: translateY(-1.2rem);
  -ms-transform: translateY(-1.2rem);
  transform: translateY(-1.2rem);
  font-size: 1rem;
}

<div
  class="emotion-0"
>
  <div
    class="emotion-1"
  >
    <svg
      fill="currentColor"
      height="24"
      viewBox="0 0 24 24"
      width="24"
      xmlns="http://www.w3.org/2000/svg"
    >
      <path
        d="M21.71,20.29,18,16.61A9,9,0,1,0,16.61,18l3.68,3.68a1,1,0,0,0,1.42,0A1,1,0,0,0,21.71,20.29ZM11,18a7,7,0,1,1,7-7A7,7,0,0,1,11,18Z"
      />
    </svg>
  </div>
  <input
    class="emotion-2"
    id="search"
    name="search"
    placeholder="placeholder"
    type="text"
  />
  <label
    for="search"
  >
    Search movies or TV series
  </label>
</div>
`;
